==================== 01-basic-http ====================
relay pid=8348 listening=True
status.ok=True  backend.reachable=True  comfy=0.37.0  frontend=1.53.6  queue=0/0  uptimeSec=0
via-relay GET /api/queue => 200 len=42
via-relay GET /system_stats => 200 len=1113
via-relay GET / => 200 len=20059 type=text/html
via-relay GET /api/object_info/LoadImage => 200 len=1992
direct  GET /api/queue => 200 len=42
queue body identical: True
system_stats 静态字段一致: comfy=True frontend=True vramTotal=True（ram_free/vram_free 为动态值，不比对）
index body identical: True
curl(no-origin) direct=200 relay=200  (期望 200/200)
curl(cross-site headers) direct=403 relay=200  (直连预期 403：中间件拦跨站；中继预期 200：服务端语义转发，浏览器跨站头不转发)
requests.total=6  byMethod={"GET":6}
---- relay stdout ----
COMFY_RELAY_READY:39123
[comfy-relay] [02:44:15.386] [info] 中继监听 127.0.0.1:39123 → http://127.0.0.1:8188（mode=standalone）
[comfy-relay] [02:44:15.399] [info] 后端 127.0.0.1:8188 可达（ComfyUI 0.37.0）
[comfy-relay] [02:44:15.651] [info] GET /api/queue → 200 4ms
[comfy-relay] [02:44:15.657] [info] GET /system_stats → 200 2ms
[comfy-relay] [02:44:15.661] [info] GET / → 200 2ms
[comfy-relay] [02:44:15.718] [info] GET /api/object_info/LoadImage → 200 4ms
[comfy-relay] [02:44:15.780] [info] GET /api/queue → 200 0ms
[comfy-relay] [02:44:15.820] [info] GET /api/queue → 200 2ms
---- relay stderr ----

==================== 02-ws-binary ====================
fake backend listening on 39231
relay ready
PASS  WS 101 状态行透传  | HTTP/1.1 101 Switching Protocols
PASS  101 响应头透传（Upgrade/Sec-WebSocket-Accept）
PASS  握手同段'早到负载'字节原样  | got=00fffe818a000102c3287f80 want=00fffe818a000102c3287f80
PASS  客户端→后端→客户端二进制往返原样  | got=8180deadbeef00ff1020f09f9880 want=8180deadbeef00ff1020f09f9880
PASS  中继日志记录了 WS 建立

5/5 passed

==================== 03-ws-comfy-relay ====================
connecting ws://127.0.0.1:39241/ws
  · open
  · message type=status len=120
  · status payload ≈ {"type": "status", "data": {"status": {"exec_info": {"queue_remaining": 0}}, "sid": "0011229ab1b74fab8d73f392a3310b44"}}
RELAY PASS：经中继 /ws 收到 status 消息并关闭

==================== 04-ws-comfy-direct ====================
connecting ws://127.0.0.1:8188/ws (direct)
  · open
  · message type=status len=120
  · status payload ≈ {"type": "status", "data": {"status": {"exec_info": {"queue_remaining": 0}}, "sid": "f1f545bd2b3a4747a925086527d1ee81"}}
DIRECT PASS：8188 /ws 可收到 status

==================== 05-exit-codes ====================
relay A listening=True (pid=28704)
B exitCode=7  (期望 7)
  B.err> [comfy-relay] [02:44:18.903] [error] 监听失败（EADDRINUSE）：127.0.0.1:39140
C exitCode=2  (期望 2，等待约 8s 后端探测超时)
  C.err> [comfy-relay] [02:44:27.178] [error] requireBackend：后端 127.0.0.1:39199 在 8000ms 内不可达（fetch failed）
D exitCode=3  (期望 3)
  D.err> [comfy-relay] [02:44:27.298] [error] --port 非法：99999
  D.err> 用法：
  D.err>   node comfy-relay.mjs <runtime-config.json>          受管模式（由 Hana ctx.runtime.start 拉起）
  D.err>   node comfy-relay.mjs --standalone --port <端口> --backend <host:端口>
  D.err>                                                       本地测试模式
  D.err> 选项：
  D.err>   --ready-marker <文本>   受管模式下由配置提供；standalone 默认 COMFY_RELAY_READY:<port>
  D.err>   --require-backend       启动时后端不可达则退出码 2（默认关闭：attach 模式下后端可后起）
  D.err>   --help                  显示本帮助
relay E listening=True (pid=28044)  配置文件已自删=True  (期望 True)
E stdout 首行> COMFY_RELAY_READY:localtest123
F exitCode=3  (期望 3)

==== 汇总 ====
PASS  端口占用→7  expected=7 got=7
PASS  后端不可达→2  expected=2 got=2
PASS  参数非法→3  expected=3 got=3
PASS  受管配置自删+marker  expected=True/COMFY_RELAY_READY:localtest123 got=True/COMFY_RELAY_READY:localtest123
PASS  配置非法→3  expected=3 got=3

==================== 06-prefix-sim ====================
relay:39251  sim:39252  ready
PASS  剥前缀链路 GET /api/queue 200  | status=200
PASS  剥前缀链路 body 与直连一致
PASS  剥前缀链路 GET /system_stats 200  | status=200 len=1113
PASS  剥前缀链路 GET / 返回 ComfyUI 前端 HTML  | status=200 len=20059
PASS  前端 index.html 使用相对寻址（./assets/… 模块入口）
PASS  静态资源经剥前缀链路可取（/assets/index-CKO20XHW.js）  | status=200 len=3234
PASS  未剥离的 /_surface/ 凭证段被中继防御性清理后仍 200  | status=200
PASS  凭证查询参数被清理且其余查询串保留（200）  | status=200
PASS  WS 经剥前缀全链路收到 status 消息  | status

---- relay log ----
COMFY_RELAY_READY:39251
[comfy-relay] [02:44:28.253] [info] 中继监听 127.0.0.1:39251 → http://127.0.0.1:8188（mode=standalone）
[comfy-relay] [02:44:28.263] [info] 后端 127.0.0.1:8188 可达（ComfyUI 0.37.0）
[comfy-relay] [02:44:28.461] [info] GET /api/queue → 200 5ms
[comfy-relay] [02:44:28.467] [info] GET /system_stats → 200 3ms
[comfy-relay] [02:44:28.471] [info] GET / → 200 2ms
[comfy-relay] [02:44:28.475] [info] GET /assets/index-CKO20XHW.js → 200 2ms
[comfy-relay] [02:44:28.477] [warn] 收到未剥离的 /_surface/ 凭证段，已防御性清理（第 1 次）：/_surface/<redacted>/api/queue
[comfy-relay] [02:44:28.478] [info] GET /api/queue → 200 1ms
[comfy-relay] [02:44:28.480] [warn] 收到凭证查询参数，已防御性清理（第 1 次）：/api/queue?appSurfaceSession=<redacted>&x=1
[comfy-relay] [02:44:28.481] [info] GET /api/queue?x=1 → 200 1ms
[comfy-relay] [02:44:28.486] [info] WS /ws 已建立（active 1）→ 127.0.0.1:8188
[comfy-relay] [02:44:28.493] [info] WS /ws 关闭（8ms，active 0）
---- sim log ----
host-sim listening 127.0.0.1:39252 → relay:39251（剥前缀 /api/apps/comfyui-hana/routes/_runtime/）

9/9 passed

==================== 07-ui-precheck ====================
EXIT: 0
---- stdout ----
{
  "uiDir": "D:\\HanakoWorks\\ComfyUI\\app\\ui",
  "count": 4,
  "results": [
    {
      "page": "panel.html",
      "loadError": null,
      "visibleText": "ComfyUI 状态\n中继\n读取中…\n服务端口\n—\n后端\n—\nComfyUI\n—\n队列\n—\n重试启动\n状态读取失败：@hana/app-sdk/ui requires an App iframe route under /api/apps/:appId/ui/.",
      "hasRenderable": true,
      "messages": [
        {
          "level": 2,
          "message": "%cElectron Security Warning (Insecure Content-Security-Policy) font-weight: bold; This renderer process has either no Content Security\n  Policy set or a policy with \"unsafe-eval\" enabled. This exposes users of\n  this app to unnecessary security risks.\n\nFor more information and help, consult\nhttps://electronjs.org/docs/tutorial/security.\nThis warning will not show up\nonce the app is packaged."
        }
      ]
    },
    {
      "page": "settings.html",
      "loadError": null,
      "visibleText": "ComfyUI-Hana · 设置\nv0 骨架：连接参数目前为固定值（只读）；后续里程碑开放可编辑项。\n连接（只读）\nComfyUI 后端\n127.0.0.1:8188\n后端状态\n读取失败\n中继\n—\nApp 版本\n—\n为什么需要这些能力\napp/runtime.local-machine + app/runtime.network：以本机权限拉起\"中继\"受管进程，并允许它连接 127.0.0.1:8188（本机 ComfyUI）。\napp/runtime.execute：启动/监督该受管进程并注册其回环服务代理（HTTP/WS）。\napp/tools.expose-to-model：向模型提供 comfyui 工具（v0 仅 status）。\n\n本 App 不修改 ComfyUI 安装；所有转发都是到 127.0.0.1:8188 的只读/直通访问。\n\n说明\n\nv0 为 attach 模式",
      "hasRenderable": true,
      "messages": [
        {
          "level": 2,
          "message": "%cElectron Security Warning (Insecure Content-Security-Policy) font-weight: bold; This renderer process has either no Content Security\n  Policy set or a policy with \"unsafe-eval\" enabled. This exposes users of\n  this app to unnecessary security risks.\n\nFor more information and help, consult\nhttps://electronjs.org/docs/tutorial/security.\nThis warning will not show up\nonce the app is packaged."
        }
      ]
    },
    {
      "page": "task.html",
      "loadError": null,
      "visibleText": "ComfyUI 任务卡\nM2 里程碑将在这里呈现单次生成任务（进度 / 产物 / 取消）。当前为占位卡，仅显示连接状态。\n中继\n读取失败\n后端未知\n打开工作区\n刷新状态",
      "hasRenderable": true,
      "messages": [
        {
          "level": 2,
          "message": "%cElectron Security Warning (Insecure Content-Security-Policy) font-weight: bold; This renderer process has either no Content Security\n  Policy set or a policy with \"unsafe-eval\" enabled. This exposes users of\n  this app to unnecessary security risks.\n\nFor more information and help, consult\nhttps://electronjs.org/docs/tutorial/security.\nThis warning will not show up\nonce the app is packaged."
        }
      ]
    },
    {
      "page": "workspace.html",
      "loadError": null,
      "visibleText": "ComfyUI 工作区 · 中继未就绪\n本页会在中继恢复后自动进入工作区；也可手动重试。\n读取 App 状态失败（路由不可达）：@hana/app-sdk/ui requires an App iframe route under /api/apps/:appId/ui/.\n重试启动\n刷新页面\n连接方式\n自动（首选 hana.api.url）\nhana.api.url\n直接相对路径\n原始错误",
      "hasRenderable": true,
      "messages": [
        {
          "level": 2,
          "message": "[comfyui-hana] hana.ready 失败： Error: @hana/app-sdk/ui requires an App iframe route under /api/apps/:appId/ui/."
        },
        {
          "level": 2,
          "message": "%cElectron Security Warning (Insecure Content-Security-Policy) font-weight: bold; This renderer process has either no Content Security\n  Policy set or a policy with \"unsafe-eval\" enabled. This exposes users of\n  this app to unnecessary security risks.\n\nFor more information and help, consult\nhttps://electronjs.org/docs/tutorial/security.\nThis warning will not show up\nonce the app is packaged."
        }
      ]
    }
  ]
}
---- stderr ----
(empty)
---- steps ----
2026-09-20T18:44:29.023Z start argv=["D:\\HanakoWorks\\ComfyUI\\_build\\electron-v33\\electron.exe","D:\\HanakoWorks\\ComfyUI\\tools\\m0-checks\\ui-precheck.mjs","--app-dir","D:\\HanakoWorks\\ComfyUI\\app"]
2026-09-20T18:44:29.025Z pages=["panel.html","settings.html","task.html","workspace.html"]
2026-09-20T18:44:29.054Z whenReady
2026-09-20T18:44:31.728Z RESULT panel.html loadError=null textLen=131 renderable=true msgs=1
2026-09-20T18:44:31.728Z   msg[2] %cElectron Security Warning (Insecure Content-Security-Policy) font-weight: bold; This renderer process has either no Content Security
  Policy set or a policy with "unsafe-eval" enabled. This exposes users of
  this app to unnecessary security risks.

For more information and help, consult
https://electronjs.org/docs/tutorial/security.
This warning will not show up
once the app is packaged.
2026-09-20T18:44:34.254Z RESULT settings.html loadError=null textLen=400 renderable=true msgs=1
2026-09-20T18:44:34.254Z   msg[2] %cElectron Security Warning (Insecure Content-Security-Policy) font-weight: bold; This renderer process has either no Content Security
  Policy set or a policy with "unsafe-eval" enabled. This exposes users of
  this app to unnecessary security risks.

For more information and help, consult
https://electronjs.org/docs/tutorial/security.
This warning will not show up
once the app is packaged.
2026-09-20T18:44:36.773Z RESULT task.html loadError=null textLen=84 renderable=true msgs=1
2026-09-20T18:44:36.773Z   msg[2] %cElectron Security Warning (Insecure Content-Security-Policy) font-weight: bold; This renderer process has either no Content Security
  Policy set or a policy with "unsafe-eval" enabled. This exposes users of
  this app to unnecessary security risks.

For more information and help, consult
https://electronjs.org/docs/tutorial/security.
This warning will not show up
once the app is packaged.
2026-09-20T18:44:39.295Z RESULT workspace.html loadError=null textLen=197 renderable=true msgs=2
2026-09-20T18:44:39.295Z   msg[2] [comfyui-hana] hana.ready 失败： Error: @hana/app-sdk/ui requires an App iframe route under /api/apps/:appId/ui/.
2026-09-20T18:44:39.296Z   msg[2] %cElectron Security Warning (Insecure Content-Security-Policy) font-weight: bold; This renderer process has either no Content Security
  Policy set or a policy with "unsafe-eval" enabled. This exposes users of
  this app to unnecessary security risks.

For more information and help, consult
https://electronjs.org/docs/tutorial/security.
This warning will not show up
once the app is packaged.
2026-09-20T18:44:39.297Z done


全部完成，输出在 D:\HanakoWorks\ComfyUI\docs\m0-results
